// Jest Snapshot v1, https://goo.gl/fbAQLP

exports[`<TodoCardList /> should show todo cards 1`] = `
Object {
  "asFragment": [Function],
  "baseElement": .c5 {
  font-family: "Montserrat",sans-serif;
  font-size: 16px;
  font-weight: 400;
  margin-bottom: 8px;
  background-color: #ffffff;
  color: #000000;
  border-left: 4px solid #EEA940;
  border-radius: 2px;
  padding: 4px;
}

.c1 {
  min-height: 80px;
  min-width: 200px;
  max-width: 360px;
  padding: 12px 8px 12px 12px;
  margin: 16px;
  background-color: rgba(0,188,205,0.2);
  border-radius: 8px;
  box-shadow: 0 0 4px 2px rgba(0,188,205,0.3);
}

.c2 {
  padding-right: 56px;
}

.c3 {
  font-size: 20px;
  font-family: "Montserrat",sans-serif;
  font-weight: 500;
}

.c4 {
  padding-top: 16px;
}

.c0 {
  display: -webkit-box;
  display: -webkit-flex;
  display: -ms-flexbox;
  display: flex;
  -webkit-flex-wrap: wrap;
  -ms-flex-wrap: wrap;
  flex-wrap: wrap;
  -webkit-align-items: flex-start;
  -webkit-box-align: flex-start;
  -ms-flex-align: flex-start;
  align-items: flex-start;
  padding: 52px;
}

<body>
    <div>
      <div
        class="c0"
        data-testid="todo-list"
      >
        <div
          class="c1"
        >
          <div
            class="c2"
          >
            <div
              class="c3"
            >
              todo header
            </div>
          </div>
          <div
            class="c4"
          >
            <div
              class=""
              data-testid="tasks"
            >
              <div
                class="c5"
              >
                task
              </div>
            </div>
          </div>
        </div>
        <div
          class="c1"
        >
          <div
            class="c2"
          >
            <div
              class="c3"
            >
              todo header
            </div>
          </div>
          <div
            class="c4"
          >
            <div
              class=""
              data-testid="tasks"
            />
          </div>
        </div>
      </div>
    </div>
  </body>,
  "container": <div>
    <div
      class="sc-iBPRYJ dooZzx"
      data-testid="todo-list"
    >
      <div
        class="sc-hKgILt fjRYYT"
      >
        <div
          class="sc-eCssSg dRQaNU"
        >
          <div
            class="sc-jSgupP ciFcwG"
          >
            todo header
          </div>
        </div>
        <div
          class="sc-gKsewC corgIH"
        >
          <div
            class="sc-gsTCUz"
            data-testid="tasks"
          >
            <div
              class="sc-bdfBwQ jLryXN"
            >
              task
            </div>
          </div>
        </div>
      </div>
      <div
        class="sc-hKgILt fjRYYT"
      >
        <div
          class="sc-eCssSg dRQaNU"
        >
          <div
            class="sc-jSgupP ciFcwG"
          >
            todo header
          </div>
        </div>
        <div
          class="sc-gKsewC corgIH"
        >
          <div
            class="sc-gsTCUz"
            data-testid="tasks"
          />
        </div>
      </div>
    </div>
  </div>,
  "debug": [Function],
  "findAllByAltText": [Function],
  "findAllByDisplayValue": [Function],
  "findAllByLabelText": [Function],
  "findAllByPlaceholderText": [Function],
  "findAllByRole": [Function],
  "findAllByTestId": [Function],
  "findAllByText": [Function],
  "findAllByTitle": [Function],
  "findByAltText": [Function],
  "findByDisplayValue": [Function],
  "findByLabelText": [Function],
  "findByPlaceholderText": [Function],
  "findByRole": [Function],
  "findByTestId": [Function],
  "findByText": [Function],
  "findByTitle": [Function],
  "getAllByAltText": [Function],
  "getAllByDisplayValue": [Function],
  "getAllByLabelText": [Function],
  "getAllByPlaceholderText": [Function],
  "getAllByRole": [Function],
  "getAllByTestId": [Function],
  "getAllByText": [Function],
  "getAllByTitle": [Function],
  "getByAltText": [Function],
  "getByDisplayValue": [Function],
  "getByLabelText": [Function],
  "getByPlaceholderText": [Function],
  "getByRole": [Function],
  "getByTestId": [Function],
  "getByText": [Function],
  "getByTitle": [Function],
  "queryAllByAltText": [Function],
  "queryAllByDisplayValue": [Function],
  "queryAllByLabelText": [Function],
  "queryAllByPlaceholderText": [Function],
  "queryAllByRole": [Function],
  "queryAllByTestId": [Function],
  "queryAllByText": [Function],
  "queryAllByTitle": [Function],
  "queryByAltText": [Function],
  "queryByDisplayValue": [Function],
  "queryByLabelText": [Function],
  "queryByPlaceholderText": [Function],
  "queryByRole": [Function],
  "queryByTestId": [Function],
  "queryByText": [Function],
  "queryByTitle": [Function],
  "rerender": [Function],
  "unmount": [Function],
}
`;
